/usr/local/lib/python3.11/dist-packages/sklearn/base.py:463: InconsistentVersionWarning: Trying to unpickle estimator LinearRegression from version 1.7.1 when using version 1.8.0. This might lead to breaking code or invalid results. Use at your own risk. For more info please refer to:
https://scikit-learn.org/stable/model_persistence.html#security-maintainability-limitations
  warnings.warn(
/usr/local/lib/python3.11/dist-packages/sklearn/base.py:463: InconsistentVersionWarning: Trying to unpickle estimator StandardScaler from version 1.7.1 when using version 1.8.0. This might lead to breaking code or invalid results. Use at your own risk. For more info please refer to:
https://scikit-learn.org/stable/model_persistence.html#security-maintainability-limitations
  warnings.warn(
/usr/local/lib/python3.11/dist-packages/sklearn/base.py:463: InconsistentVersionWarning: Trying to unpickle estimator SVC from version 1.7.1 when using version 1.8.0. This might lead to breaking code or invalid results. Use at your own risk. For more info please refer to:
https://scikit-learn.org/stable/model_persistence.html#security-maintainability-limitations
  warnings.warn(
/usr/local/lib/python3.11/dist-packages/sklearn/base.py:463: InconsistentVersionWarning: Trying to unpickle estimator _SigmoidCalibration from version 1.7.1 when using version 1.8.0. This might lead to breaking code or invalid results. Use at your own risk. For more info please refer to:
https://scikit-learn.org/stable/model_persistence.html#security-maintainability-limitations
  warnings.warn(
/usr/local/lib/python3.11/dist-packages/sklearn/base.py:463: InconsistentVersionWarning: Trying to unpickle estimator CalibratedClassifierCV from version 1.7.1 when using version 1.8.0. This might lead to breaking code or invalid results. Use at your own risk. For more info please refer to:
https://scikit-learn.org/stable/model_persistence.html#security-maintainability-limitations
  warnings.warn(
Dash is running on http://127.0.0.1:8050/

 * Serving Flask app 'app'
 * Debug mode: on
/usr/local/lib/python3.11/dist-packages/sklearn/base.py:463: InconsistentVersionWarning: Trying to unpickle estimator LinearRegression from version 1.7.1 when using version 1.8.0. This might lead to breaking code or invalid results. Use at your own risk. For more info please refer to:
https://scikit-learn.org/stable/model_persistence.html#security-maintainability-limitations
  warnings.warn(
/usr/local/lib/python3.11/dist-packages/sklearn/base.py:463: InconsistentVersionWarning: Trying to unpickle estimator StandardScaler from version 1.7.1 when using version 1.8.0. This might lead to breaking code or invalid results. Use at your own risk. For more info please refer to:
https://scikit-learn.org/stable/model_persistence.html#security-maintainability-limitations
  warnings.warn(
/usr/local/lib/python3.11/dist-packages/sklearn/base.py:463: InconsistentVersionWarning: Trying to unpickle estimator SVC from version 1.7.1 when using version 1.8.0. This might lead to breaking code or invalid results. Use at your own risk. For more info please refer to:
https://scikit-learn.org/stable/model_persistence.html#security-maintainability-limitations
  warnings.warn(
/usr/local/lib/python3.11/dist-packages/sklearn/base.py:463: InconsistentVersionWarning: Trying to unpickle estimator _SigmoidCalibration from version 1.7.1 when using version 1.8.0. This might lead to breaking code or invalid results. Use at your own risk. For more info please refer to:
https://scikit-learn.org/stable/model_persistence.html#security-maintainability-limitations
  warnings.warn(
/usr/local/lib/python3.11/dist-packages/sklearn/base.py:463: InconsistentVersionWarning: Trying to unpickle estimator CalibratedClassifierCV from version 1.7.1 when using version 1.8.0. This might lead to breaking code or invalid results. Use at your own risk. For more info please refer to:
https://scikit-learn.org/stable/model_persistence.html#security-maintainability-limitations
  warnings.warn(
/usr/local/lib/python3.11/dist-packages/sklearn/utils/validation.py:2691: UserWarning: X does not have valid feature names, but StandardScaler was fitted with feature names
  warnings.warn(
/usr/local/lib/python3.11/dist-packages/sklearn/utils/validation.py:2691: UserWarning: X does not have valid feature names, but StandardScaler was fitted with feature names
  warnings.warn(
/usr/local/lib/python3.11/dist-packages/sklearn/utils/validation.py:2691: UserWarning: X does not have valid feature names, but StandardScaler was fitted with feature names
  warnings.warn(
/usr/local/lib/python3.11/dist-packages/sklearn/utils/validation.py:2691: UserWarning: X does not have valid feature names, but StandardScaler was fitted with feature names
  warnings.warn(
/usr/local/lib/python3.11/dist-packages/sklearn/utils/validation.py:2691: UserWarning: X does not have valid feature names, but StandardScaler was fitted with feature names
  warnings.warn(
/usr/local/lib/python3.11/dist-packages/sklearn/utils/validation.py:2691: UserWarning: X does not have valid feature names, but StandardScaler was fitted with feature names
  warnings.warn(
/usr/local/lib/python3.11/dist-packages/sklearn/utils/validation.py:2691: UserWarning: X does not have valid feature names, but StandardScaler was fitted with feature names
  warnings.warn(
/usr/local/lib/python3.11/dist-packages/sklearn/utils/validation.py:2691: UserWarning: X does not have valid feature names, but StandardScaler was fitted with feature names
  warnings.warn(
/usr/local/lib/python3.11/dist-packages/sklearn/utils/validation.py:2691: UserWarning: X does not have valid feature names, but StandardScaler was fitted with feature names
  warnings.warn(
/usr/local/lib/python3.11/dist-packages/sklearn/utils/validation.py:2691: UserWarning: X does not have valid feature names, but StandardScaler was fitted with feature names
  warnings.warn(
/usr/local/lib/python3.11/dist-packages/sklearn/utils/validation.py:2691: UserWarning: X does not have valid feature names, but StandardScaler was fitted with feature names
  warnings.warn(
/usr/local/lib/python3.11/dist-packages/sklearn/utils/validation.py:2691: UserWarning: X does not have valid feature names, but StandardScaler was fitted with feature names
  warnings.warn(
/usr/local/lib/python3.11/dist-packages/sklearn/utils/validation.py:2691: UserWarning: X does not have valid feature names, but StandardScaler was fitted with feature names
  warnings.warn(
/usr/local/lib/python3.11/dist-packages/sklearn/utils/validation.py:2691: UserWarning: X does not have valid feature names, but StandardScaler was fitted with feature names
  warnings.warn(
/usr/local/lib/python3.11/dist-packages/sklearn/utils/validation.py:2691: UserWarning: X does not have valid feature names, but StandardScaler was fitted with feature names
  warnings.warn(
/usr/local/lib/python3.11/dist-packages/sklearn/utils/validation.py:2691: UserWarning: X does not have valid feature names, but StandardScaler was fitted with feature names
  warnings.warn(
/usr/local/lib/python3.11/dist-packages/sklearn/utils/validation.py:2691: UserWarning: X does not have valid feature names, but StandardScaler was fitted with feature names
  warnings.warn(
/usr/local/lib/python3.11/dist-packages/sklearn/utils/validation.py:2691: UserWarning: X does not have valid feature names, but StandardScaler was fitted with feature names
  warnings.warn(
/usr/local/lib/python3.11/dist-packages/sklearn/utils/validation.py:2691: UserWarning: X does not have valid feature names, but StandardScaler was fitted with feature names
  warnings.warn(
/usr/local/lib/python3.11/dist-packages/sklearn/utils/validation.py:2691: UserWarning: X does not have valid feature names, but StandardScaler was fitted with feature names
  warnings.warn(
/usr/local/lib/python3.11/dist-packages/sklearn/utils/validation.py:2691: UserWarning: X does not have valid feature names, but StandardScaler was fitted with feature names
  warnings.warn(
/usr/local/lib/python3.11/dist-packages/sklearn/utils/validation.py:2691: UserWarning: X does not have valid feature names, but StandardScaler was fitted with feature names
  warnings.warn(
/usr/local/lib/python3.11/dist-packages/sklearn/utils/validation.py:2691: UserWarning: X does not have valid feature names, but StandardScaler was fitted with feature names
  warnings.warn(
/usr/local/lib/python3.11/dist-packages/sklearn/utils/validation.py:2691: UserWarning: X does not have valid feature names, but StandardScaler was fitted with feature names
  warnings.warn(
/usr/local/lib/python3.11/dist-packages/sklearn/utils/validation.py:2691: UserWarning: X does not have valid feature names, but StandardScaler was fitted with feature names
  warnings.warn(
/usr/local/lib/python3.11/dist-packages/sklearn/utils/validation.py:2691: UserWarning: X does not have valid feature names, but StandardScaler was fitted with feature names
  warnings.warn(
/usr/local/lib/python3.11/dist-packages/sklearn/utils/validation.py:2691: UserWarning: X does not have valid feature names, but StandardScaler was fitted with feature names
  warnings.warn(
/usr/local/lib/python3.11/dist-packages/sklearn/utils/validation.py:2691: UserWarning: X does not have valid feature names, but StandardScaler was fitted with feature names
  warnings.warn(
/usr/local/lib/python3.11/dist-packages/sklearn/utils/validation.py:2691: UserWarning: X does not have valid feature names, but StandardScaler was fitted with feature names
  warnings.warn(
/usr/local/lib/python3.11/dist-packages/sklearn/utils/validation.py:2691: UserWarning: X does not have valid feature names, but StandardScaler was fitted with feature names
  warnings.warn(
/usr/local/lib/python3.11/dist-packages/sklearn/utils/validation.py:2691: UserWarning: X does not have valid feature names, but StandardScaler was fitted with feature names
  warnings.warn(
/usr/local/lib/python3.11/dist-packages/sklearn/utils/validation.py:2691: UserWarning: X does not have valid feature names, but StandardScaler was fitted with feature names
  warnings.warn(
/usr/local/lib/python3.11/dist-packages/sklearn/utils/validation.py:2691: UserWarning: X does not have valid feature names, but StandardScaler was fitted with feature names
  warnings.warn(
/usr/local/lib/python3.11/dist-packages/sklearn/utils/validation.py:2691: UserWarning: X does not have valid feature names, but StandardScaler was fitted with feature names
  warnings.warn(
/usr/local/lib/python3.11/dist-packages/sklearn/utils/validation.py:2691: UserWarning: X does not have valid feature names, but StandardScaler was fitted with feature names
  warnings.warn(
/usr/local/lib/python3.11/dist-packages/sklearn/utils/validation.py:2691: UserWarning: X does not have valid feature names, but StandardScaler was fitted with feature names
  warnings.warn(
/usr/local/lib/python3.11/dist-packages/sklearn/utils/validation.py:2691: UserWarning: X does not have valid feature names, but StandardScaler was fitted with feature names
  warnings.warn(
/usr/local/lib/python3.11/dist-packages/sklearn/utils/validation.py:2691: UserWarning: X does not have valid feature names, but StandardScaler was fitted with feature names
  warnings.warn(
/usr/local/lib/python3.11/dist-packages/sklearn/utils/validation.py:2691: UserWarning: X does not have valid feature names, but StandardScaler was fitted with feature names
  warnings.warn(
/usr/local/lib/python3.11/dist-packages/sklearn/utils/validation.py:2691: UserWarning: X does not have valid feature names, but StandardScaler was fitted with feature names
  warnings.warn(
/usr/local/lib/python3.11/dist-packages/sklearn/utils/validation.py:2691: UserWarning: X does not have valid feature names, but StandardScaler was fitted with feature names
  warnings.warn(
/usr/local/lib/python3.11/dist-packages/sklearn/utils/validation.py:2691: UserWarning: X does not have valid feature names, but StandardScaler was fitted with feature names
  warnings.warn(
/usr/local/lib/python3.11/dist-packages/sklearn/utils/validation.py:2691: UserWarning: X does not have valid feature names, but StandardScaler was fitted with feature names
  warnings.warn(
/usr/local/lib/python3.11/dist-packages/sklearn/utils/validation.py:2691: UserWarning: X does not have valid feature names, but StandardScaler was fitted with feature names
  warnings.warn(
/usr/local/lib/python3.11/dist-packages/sklearn/utils/validation.py:2691: UserWarning: X does not have valid feature names, but StandardScaler was fitted with feature names
  warnings.warn(
/usr/local/lib/python3.11/dist-packages/sklearn/utils/validation.py:2691: UserWarning: X does not have valid feature names, but StandardScaler was fitted with feature names
  warnings.warn(
/usr/local/lib/python3.11/dist-packages/sklearn/utils/validation.py:2691: UserWarning: X does not have valid feature names, but StandardScaler was fitted with feature names
  warnings.warn(
/usr/local/lib/python3.11/dist-packages/sklearn/utils/validation.py:2691: UserWarning: X does not have valid feature names, but StandardScaler was fitted with feature names
  warnings.warn(
/usr/local/lib/python3.11/dist-packages/sklearn/utils/validation.py:2691: UserWarning: X does not have valid feature names, but StandardScaler was fitted with feature names
  warnings.warn(
/usr/local/lib/python3.11/dist-packages/sklearn/utils/validation.py:2691: UserWarning: X does not have valid feature names, but StandardScaler was fitted with feature names
  warnings.warn(
/usr/local/lib/python3.11/dist-packages/sklearn/utils/validation.py:2691: UserWarning: X does not have valid feature names, but StandardScaler was fitted with feature names
  warnings.warn(
/usr/local/lib/python3.11/dist-packages/sklearn/utils/validation.py:2691: UserWarning: X does not have valid feature names, but StandardScaler was fitted with feature names
  warnings.warn(
/usr/local/lib/python3.11/dist-packages/sklearn/utils/validation.py:2691: UserWarning: X does not have valid feature names, but StandardScaler was fitted with feature names
  warnings.warn(
/usr/local/lib/python3.11/dist-packages/sklearn/utils/validation.py:2691: UserWarning: X does not have valid feature names, but StandardScaler was fitted with feature names
  warnings.warn(
/usr/local/lib/python3.11/dist-packages/sklearn/utils/validation.py:2691: UserWarning: X does not have valid feature names, but StandardScaler was fitted with feature names
  warnings.warn(
/usr/local/lib/python3.11/dist-packages/sklearn/utils/validation.py:2691: UserWarning: X does not have valid feature names, but StandardScaler was fitted with feature names
  warnings.warn(
/usr/local/lib/python3.11/dist-packages/sklearn/utils/validation.py:2691: UserWarning: X does not have valid feature names, but StandardScaler was fitted with feature names
  warnings.warn(
/usr/local/lib/python3.11/dist-packages/sklearn/utils/validation.py:2691: UserWarning: X does not have valid feature names, but StandardScaler was fitted with feature names
  warnings.warn(
/usr/local/lib/python3.11/dist-packages/sklearn/utils/validation.py:2691: UserWarning: X does not have valid feature names, but StandardScaler was fitted with feature names
  warnings.warn(
/usr/local/lib/python3.11/dist-packages/sklearn/utils/validation.py:2691: UserWarning: X does not have valid feature names, but StandardScaler was fitted with feature names
  warnings.warn(
/usr/local/lib/python3.11/dist-packages/sklearn/utils/validation.py:2691: UserWarning: X does not have valid feature names, but StandardScaler was fitted with feature names
  warnings.warn(
/usr/local/lib/python3.11/dist-packages/sklearn/utils/validation.py:2691: UserWarning: X does not have valid feature names, but StandardScaler was fitted with feature names
  warnings.warn(
/usr/local/lib/python3.11/dist-packages/sklearn/utils/validation.py:2691: UserWarning: X does not have valid feature names, but StandardScaler was fitted with feature names
  warnings.warn(
/usr/local/lib/python3.11/dist-packages/sklearn/utils/validation.py:2691: UserWarning: X does not have valid feature names, but StandardScaler was fitted with feature names
  warnings.warn(
/usr/local/lib/python3.11/dist-packages/sklearn/utils/validation.py:2691: UserWarning: X does not have valid feature names, but StandardScaler was fitted with feature names
  warnings.warn(
/usr/local/lib/python3.11/dist-packages/sklearn/utils/validation.py:2691: UserWarning: X does not have valid feature names, but StandardScaler was fitted with feature names
  warnings.warn(
/usr/local/lib/python3.11/dist-packages/sklearn/utils/validation.py:2691: UserWarning: X does not have valid feature names, but StandardScaler was fitted with feature names
  warnings.warn(
/usr/local/lib/python3.11/dist-packages/sklearn/utils/validation.py:2691: UserWarning: X does not have valid feature names, but StandardScaler was fitted with feature names
  warnings.warn(
/usr/local/lib/python3.11/dist-packages/sklearn/utils/validation.py:2691: UserWarning: X does not have valid feature names, but StandardScaler was fitted with feature names
  warnings.warn(
/usr/local/lib/python3.11/dist-packages/sklearn/utils/validation.py:2691: UserWarning: X does not have valid feature names, but StandardScaler was fitted with feature names
  warnings.warn(
/usr/local/lib/python3.11/dist-packages/sklearn/utils/validation.py:2691: UserWarning: X does not have valid feature names, but StandardScaler was fitted with feature names
  warnings.warn(
/usr/local/lib/python3.11/dist-packages/sklearn/utils/validation.py:2691: UserWarning: X does not have valid feature names, but StandardScaler was fitted with feature names
  warnings.warn(
/usr/local/lib/python3.11/dist-packages/sklearn/utils/validation.py:2691: UserWarning: X does not have valid feature names, but StandardScaler was fitted with feature names
  warnings.warn(
/usr/local/lib/python3.11/dist-packages/sklearn/utils/validation.py:2691: UserWarning: X does not have valid feature names, but StandardScaler was fitted with feature names
  warnings.warn(
/usr/local/lib/python3.11/dist-packages/sklearn/utils/validation.py:2691: UserWarning: X does not have valid feature names, but StandardScaler was fitted with feature names
  warnings.warn(
/usr/local/lib/python3.11/dist-packages/sklearn/utils/validation.py:2691: UserWarning: X does not have valid feature names, but StandardScaler was fitted with feature names
  warnings.warn(
/usr/local/lib/python3.11/dist-packages/sklearn/utils/validation.py:2691: UserWarning: X does not have valid feature names, but StandardScaler was fitted with feature names
  warnings.warn(
